  N--  FpI=  0
  
    MV    SD  r(Pd) dRV    Name               dRVI      Co   Wgt Ctr
 ----------------------------------------------------------------- ---
  10.1   4.7   0.81  66.26    Georg             65.97    0.30  30  23
 ----------------------------------------------------------------- ---
  10.4   4.3   0.81   8.12    MSwr-GFS-MOS       7.08    0.35  32  24
  10.2   4.6   0.81   4.54    Ms.Os              3.58    0.28  28  21
   9.5   4.3   0.37   2.82    Persistenz         1.83    0.11  11   4
 ----------------------------------------------------------------- ---
               RMSE E(RMSI)   RV(HC)  E(RVI)  Const N_Pr N_Obs
  10.6   5.01  2.69    2.74      71      70    0.07   4  514
 
  
  rSd  FpI=  0
  
    MV    SD  r(Pd) dRV    Name               dRVI      Co   Wgt Ctr
 ----------------------------------------------------------------- ---
  13.7   8.8   0.88  77.62    Georg             77.46    0.51  50  40
 ----------------------------------------------------------------- ---
  13.5   8.5   0.86   4.33    Mammatus95         3.26    0.24  23  18
  13.7   8.4   0.88   1.08    juerga             0.01    0.29  27  21
 ----------------------------------------------------------------- ---
               RMSE E(RMSI)   RV(HC)  E(RVI)  Const N_Pr N_Obs
  12.9   9.87  4.54    4.61      79      78   -1.20   3  514
 
  
  dd-  FpI=  0
  
    MV    SD  r(Pd) dRV    Name               dRVI      Co   Wgt Ctr
 ----------------------------------------------------------------- ---
   3.7  14.8   0.85  71.40    DWD-ICON-MOS      71.23    0.20  35  30
 ----------------------------------------------------------------- ---
   3.1  13.3   0.78  14.06    Ms.Os             13.11    0.12  19  15
   3.5  14.5   0.82   8.41    DWD-EZ-MOS         7.59    0.10  17  14
   3.7  11.7   0.72   4.67    Achentaler         3.68    0.08  10   8
   3.6  13.0   0.65   2.96    Persistenz         2.01    0.07  10   6
   4.1  11.6   0.70   1.17    MSwr-EZ-MOS        0.34    0.06   9   6
 ----------------------------------------------------------------- ---
               RMSE E(RMSI)   RV(HC)  E(RVI)  Const N_Pr N_Obs
   4.4   8.43  3.81    3.93      80      78    2.15   6  514
 
  
  ff-  FpI=  0
  
    MV    SD  r(Pd) dRV    Name               dRVI      Co   Wgt Ctr
 ----------------------------------------------------------------- ---
   5.5   2.2   0.59  34.81    adri_der_pinner   34.29    0.57  64  24
 ----------------------------------------------------------------- ---
   5.5   2.0   0.55   3.50    Achentaler         2.43    0.36  36  13
 ----------------------------------------------------------------- ---
               RMSE E(RMSI)   RV(HC)  E(RVI)  Const N_Pr N_Obs
   5.1   3.03  2.40    2.42      37      36   -0.04   2  514
 
  
  fx-  FpI=  0
  
    MV    SD  r(Pd) dRV    Name               dRVI      Co   Wgt Ctr
 ----------------------------------------------------------------- ---
   4.2   2.0   0.71  50.98    fleming           50.60    0.39  39  24
 ----------------------------------------------------------------- ---
   4.1   2.1   0.70  13.32    Georg             12.37    0.26  28  17
   3.7   1.7   0.64   4.33    DWD-ICON-MOS       3.34    0.22  19  10
   4.2   2.0   0.65   1.44    MSwr-GFS-MOS       0.41    0.15  14   8
 ----------------------------------------------------------------- ---
               RMSE E(RMSI)   RV(HC)  E(RVI)  Const N_Pr N_Obs
   4.4   2.33  1.48    1.51      60      58    0.17   4  514
 
  
  Wv-  FpI=  0
  
    MV    SD  r(Pd) dRV    Name               dRVI      Co   Wgt Ctr
 ----------------------------------------------------------------- ---
   5.5   3.8   0.70  49.42    DWD-MOS-MIX-test  48.99    0.32  32  21
 ----------------------------------------------------------------- ---
   6.1   4.2   0.70  12.96    Georg             12.02    0.34  36  24
   5.0   3.5   0.33   4.08    Persistenz         3.16    0.17  15   5
   7.1   4.5   0.63   2.31    Ms.Os              1.36    0.15  17  10
 ----------------------------------------------------------------- ---
               RMSE E(RMSI)   RV(HC)  E(RVI)  Const N_Pr N_Obs
   7.9   4.20  2.70    2.75      59      57    2.17   4  514
 
  
  Wn-  FpI=  0
  
    MV    SD  r(Pd) dRV    Name               dRVI      Co   Wgt Ctr
 ----------------------------------------------------------------- ---
   8.0   3.2   0.62  38.94    Meteoclee         38.41    0.27  28  13
 ----------------------------------------------------------------- ---
   8.2   3.2   0.60   4.28    ambot_lang         3.23    0.19  20   9
   9.2   3.3   0.53   1.59    meteoleipzig       0.55    0.23  24   9
   7.5   3.4   0.59   1.17    DWD-EZ-MOS         0.50    0.26  28  12
 ----------------------------------------------------------------- ---
               RMSE E(RMSI)   RV(HC)  E(RVI)  Const N_Pr N_Obs
   8.0   4.25  3.20    3.26      43      41    0.18   4  514
 
  
  PPP  FpI=  0
  
    MV    SD  r(Pd) dRV    Name               dRVI      Co   Wgt Ctr
 ----------------------------------------------------------------- ---
  15.0   7.5   0.98  96.63    DWD-MOS-MIX-test  96.60    0.37  36  35
 ----------------------------------------------------------------- ---
  14.9   7.6   0.98   9.06    Georg              8.02    0.49  48  47
  14.8   7.3   0.98   1.82    Ms.Os              0.80    0.17  16  15
 ----------------------------------------------------------------- ---
               RMSE E(RMSI)   RV(HC)  E(RVI)  Const N_Pr N_Obs
  14.9   7.83  1.36    1.38      97      97   -0.36   3  514
 
  
  TTm  FpI=  0
  
    MV    SD  r(Pd) dRV    Name               dRVI      Co   Wgt Ctr
 ----------------------------------------------------------------- ---
  27.4  13.9   0.99  97.42    Georg             97.41    0.71  70  69
 ----------------------------------------------------------------- ---
  26.9  13.7   0.98   3.46    DWD-EZ-MOS         2.37    0.30  30  29
 ----------------------------------------------------------------- ---
               RMSE E(RMSI)   RV(HC)  E(RVI)  Const N_Pr N_Obs
  27.1  14.18  2.23    2.25      98      97   -0.45   2  514
 
  
  TTn  FpI=  0
  
    MV    SD  r(Pd) dRV    Name               dRVI      Co   Wgt Ctr
 ----------------------------------------------------------------- ---
  10.8  10.8   0.99  97.42    Georg             97.31    0.53  52  51
 ----------------------------------------------------------------- ---
  10.9  10.9   0.99  10.05    adri_der_pinner    9.04    0.33  33  32
   9.9  10.5   0.98   1.74    Ms.Os              0.82    0.15  15  14
 ----------------------------------------------------------------- ---
               RMSE E(RMSI)   RV(HC)  E(RVI)  Const N_Pr N_Obs
  10.9  11.09  1.70    1.73      98      98   -0.02   3  514
 
  
  TTd  FpI=  0
  
    MV    SD  r(Pd) dRV    Name               dRVI      Co   Wgt Ctr
 ----------------------------------------------------------------- ---
   9.0  10.2   0.98  95.26    Georg             95.26    0.78  81  77
 ----------------------------------------------------------------- ---
   9.4  10.1   0.97   1.51    Ms.Os              0.44    0.19  19  18
 ----------------------------------------------------------------- ---
               RMSE E(RMSI)   RV(HC)  E(RVI)  Const N_Pr N_Obs
   8.6  10.00  2.15    2.17      95      95   -0.18   2  514
 
  
  RR-  FpI=  0
  
    MV    SD  r(Pd) dRV    Name               dRVI      Co   Wgt Ctr
 ----------------------------------------------------------------- ---
  13.9   6.3   0.83  68.56    adri_der_pinner   68.37    0.26  31  22
 ----------------------------------------------------------------- ---
  14.9   6.5   0.79   3.53    MSwr-GFS-MOS       2.46    0.25  31  21
  13.4   6.4   0.82   3.03    Auftrieb           2.66    0.32  39  28
 ----------------------------------------------------------------- ---
               RMSE E(RMSI)   RV(HC)  E(RVI)  Const N_Pr N_Obs
  13.0   6.13  3.31    3.36      71      70    1.35   3  514
 
  
