  N--  FpI=  0
  
    MV    SD  r(Pd) dRV    Name               dRVI      Co   Wgt Ctr
 ----------------------------------------------------------------- ---
  11.1   4.3   0.82  66.42    nik               66.20    0.43  44  31
 ----------------------------------------------------------------- ---
  10.5   4.4   0.79   7.78    Föhni              6.77    0.27  28  19
  10.8   4.0   0.81   2.82    MSwr-MOS-Mix       1.79    0.30  29  20
 ----------------------------------------------------------------- ---
               RMSE E(RMSI)   RV(HC)  E(RVI)  Const N_Pr N_Obs
  10.8   4.85  2.66    2.70      70      69    0.05   3  514
 
  
  rSd  FpI=  0
  
    MV    SD  r(Pd) dRV    Name               dRVI      Co   Wgt Ctr
 ----------------------------------------------------------------- ---
  13.8  10.2   0.89  78.68    nik               78.53    0.46  47  38
 ----------------------------------------------------------------- ---
  13.0   8.8   0.85   5.48    meteoleipzig       4.46    0.29  26  20
  13.7  10.3   0.88   1.72    fleming            0.91    0.27  28  23
 ----------------------------------------------------------------- ---
               RMSE E(RMSI)   RV(HC)  E(RVI)  Const N_Pr N_Obs
  13.5  11.05  4.91    4.98      80      80   -0.49   3  514
 
  
  dd-  FpI=  0
  
    MV    SD  r(Pd) dRV    Name               dRVI      Co   Wgt Ctr
 ----------------------------------------------------------------- ---
  11.2  11.4   0.95  90.25    fleming           90.17    0.18  18  17
 ----------------------------------------------------------------- ---
  11.5  11.2   0.94  20.88    nik               20.06    0.17  18  17
  10.7  11.8   0.93   7.13    DWD-ICON-MOS       6.36    0.20  21  20
  11.3  11.5   0.92   5.24    Neptun             4.39    0.18  19  18
  11.5  11.4   0.94   3.92    Ms.Os              4.11    0.23  24  22
 ----------------------------------------------------------------- ---
               RMSE E(RMSI)   RV(HC)  E(RVI)  Const N_Pr N_Obs
  10.8  11.00  2.79    2.86      94      93    0.07   5  514
 
  
  ff-  FpI=  0
  
    MV    SD  r(Pd) dRV    Name               dRVI      Co   Wgt Ctr
 ----------------------------------------------------------------- ---
   9.6   3.5   0.82  67.40    Oberbayer         67.18    0.59  59  41
 ----------------------------------------------------------------- ---
   8.7   3.3   0.81   3.76    Ms.Os              2.73    0.43  41  28
 ----------------------------------------------------------------- ---
               RMSE E(RMSI)   RV(HC)  E(RVI)  Const N_Pr N_Obs
   9.4   4.18  2.34    2.36      69      68   -0.01   2  514
 
  
  fx-  FpI=  0
  
    MV    SD  r(Pd) dRV    Name               dRVI      Co   Wgt Ctr
 ----------------------------------------------------------------- ---
   5.2   2.5   0.82  67.73    fleming           67.53    0.36  39  28
 ----------------------------------------------------------------- ---
   5.0   2.4   0.81   9.67    DWD-MOS-MIX-test   8.69    0.28  30  21
   5.2   2.4   0.82   4.08    nik                3.06    0.30  31  22
 ----------------------------------------------------------------- ---
               RMSE E(RMSI)   RV(HC)  E(RVI)  Const N_Pr N_Obs
   5.1   2.61  1.38    1.40      72      71    0.25   3  514
 
  
  Wv-  FpI=  0
  
    MV    SD  r(Pd) dRV    Name               dRVI      Co   Wgt Ctr
 ----------------------------------------------------------------- ---
   6.0   4.0   0.73  52.85    Föhni             52.55    0.38  46  28
 ----------------------------------------------------------------- ---
   6.1   4.2   0.67   7.40    Oberbayer          6.41    0.23  29  16
   6.5   4.4   0.66   3.72    Ms.Os              2.78    0.18  24  13
 ----------------------------------------------------------------- ---
               RMSE E(RMSI)   RV(HC)  E(RVI)  Const N_Pr N_Obs
   8.4   3.94  2.55    2.59      58      57    3.46   3  514
 
  
  Wn-  FpI=  0
  
    MV    SD  r(Pd) dRV    Name               dRVI      Co   Wgt Ctr
 ----------------------------------------------------------------- ---
   7.6   3.2   0.80  64.64    wetteregon        64.28    0.64  60  43
 ----------------------------------------------------------------- ---
   7.4   3.2   0.70   7.29    meteoleipzig       6.30    0.23  21  13
   7.5   3.3   0.71   3.31    fleming            2.30    0.20  19  12
 ----------------------------------------------------------------- ---
               RMSE E(RMSI)   RV(HC)  E(RVI)  Const N_Pr N_Obs
   8.0   3.87  2.18    2.21      68      67   -0.04   3  514
 
  
  PPP  FpI=  0
  
    MV    SD  r(Pd) dRV    Name               dRVI      Co   Wgt Ctr
 ----------------------------------------------------------------- ---
  15.9   7.4   0.99  98.60    Bibertaler        98.63    0.48  48  48
 ----------------------------------------------------------------- ---
  15.9   7.4   0.99   3.28    Grisuji-EZ-L1-MO   2.28    0.33  33  33
  16.0   7.4   0.99   1.37    Föhni              0.36    0.18  18  18
 ----------------------------------------------------------------- ---
               RMSE E(RMSI)   RV(HC)  E(RVI)  Const N_Pr N_Obs
  15.9   7.40  0.84    0.86      99      99    0.05   3  514
 
  
  TTm  FpI=  0
  
    MV    SD  r(Pd) dRV    Name               dRVI      Co   Wgt Ctr
 ----------------------------------------------------------------- ---
  27.3  14.7   0.99  98.21    DWD-MOS-Mix       98.10    0.06   6   6
 ----------------------------------------------------------------- ---
  27.7  14.7   0.99  10.63    nik                9.66    0.61  61  60
  27.3  14.7   0.99   1.56    MSwr-EZ-MOS        1.04    0.33  33  32
 ----------------------------------------------------------------- ---
               RMSE E(RMSI)   RV(HC)  E(RVI)  Const N_Pr N_Obs
  27.0  14.74  1.89    1.92      98      98   -0.37   3  514
 
  
  TTn  FpI=  0
  
    MV    SD  r(Pd) dRV    Name               dRVI      Co   Wgt Ctr
 ----------------------------------------------------------------- ---
  14.1  11.1   0.99  98.21    Bibertaler        98.18    0.39  39  38
 ----------------------------------------------------------------- ---
  14.0  10.9   0.99   5.66    Ms.Os              4.64    0.26  25  24
  14.2  11.2   0.99   2.13    DWD-MOS-MIX-test   1.17    0.37  37  36
 ----------------------------------------------------------------- ---
               RMSE E(RMSI)   RV(HC)  E(RVI)  Const N_Pr N_Obs
  14.1  11.35  1.46    1.49      98      98   -0.21   3  514
 
  
  TTd  FpI=  0
  
    MV    SD  r(Pd) dRV    Name               dRVI      Co   Wgt Ctr
 ----------------------------------------------------------------- ---
  11.5  10.4   0.98  96.63    DWD-MOS-MIX-test  96.55    0.24  24  24
 ----------------------------------------------------------------- ---
  12.1  10.6   0.98  10.43    meteoleipzig       9.44    0.34  35  34
  11.6  10.5   0.98   2.34    nik                2.15    0.41  41  40
 ----------------------------------------------------------------- ---
               RMSE E(RMSI)   RV(HC)  E(RVI)  Const N_Pr N_Obs
  11.2  10.59  1.82    1.85      97      97   -0.45   3  514
 
  
  RR-  FpI=  0
  
    MV    SD  r(Pd) dRV    Name               dRVI      Co   Wgt Ctr
 ----------------------------------------------------------------- ---
  12.5   6.3   0.84  70.56    DWD-MOS-MIX-test  70.35    0.23  27  20
 ----------------------------------------------------------------- ---
  12.5   5.9   0.83   3.96    fleming            2.92    0.27  29  21
  12.4   5.8   0.83   1.90    DWD-EZ-MOS         1.16    0.27  29  22
  12.8   6.2   0.79   1.08    Föhni              0.07    0.13  15  10
 ----------------------------------------------------------------- ---
               RMSE E(RMSI)   RV(HC)  E(RVI)  Const N_Pr N_Obs
  12.2   6.11  3.19    3.26      73      72    1.06   4  514
 
  
